app/[tenant]/purchases/orders/page.tsx(20,58): error TS2353: Object literal may only specify known properties, and 'status' does not exist in type 'LocationWhereInput'.
app/[tenant]/sales/deliveries/page.tsx(19,58): error TS2353: Object literal may only specify known properties, and 'type' does not exist in type 'LocationWhereInput'.
modules/finance/events/finance-subscriber.ts(64,11): error TS2353: Object literal may only specify known properties, and 'vendor_bill_lines' does not exist in type 'vendor_billsInclude<DefaultArgs>'.
modules/finance/events/finance-subscriber.ts(82,22): error TS2339: Property 'bill_date' does not exist on type '{ id: string; created_at: Date; updated_at: Date; deleted_at: Date | null; org_id: string; status: BillStatus; total_amount: number; po_id: string | null; invoice_no: string | null; invoice_date: Date | null; due_date: Date | null; vendor_id: string; }'.
modules/finance/events/finance-subscriber.ts(106,11): error TS2353: Object literal may only specify known properties, and 'delivery_note_lines' does not exist in type 'delivery_notesInclude<DefaultArgs>'.
modules/finance/events/finance-subscriber.ts(120,35): error TS2339: Property 'delivery_note_lines' does not exist on type '{ id: string; created_at: Date; updated_at: Date; deleted_at: Date | null; org_id: string; location_id: string; so_id: string; shipped_at: Date | null; carrier: string | null; tracking_no: string | null; }'.
modules/finance/services/account-lookup.service.ts(46,7): error TS2322: Type '{ id: string; org_id: string; code: SystemAccountCode; name: string; type: any; is_system: true; }' is not assignable to type '(Without<accountsCreateInput, accountsUncheckedCreateInput> & accountsUncheckedCreateInput) | (Without<...> & accountsCreateInput)'.
  Type '{ id: string; org_id: string; code: SystemAccountCode; name: string; type: any; is_system: true; }' is not assignable to type 'Without<accountsCreateInput, accountsUncheckedCreateInput> & accountsUncheckedCreateInput'.
    Property 'updated_at' is missing in type '{ id: string; org_id: string; code: SystemAccountCode; name: string; type: any; is_system: true; }' but required in type 'accountsUncheckedCreateInput'.
modules/inventory/repositories/ItemRepository.ts(1,24): error TS2307: Cannot find module '../../../../lib/db' or its corresponding type declarations.
modules/inventory/repositories/ItemRepository.ts(19,13): error TS7006: Parameter 'item' implicitly has an 'any' type.
modules/inventory/repositories/LocationRepository.ts(1,24): error TS2307: Cannot find module '../../../../lib/db' or its corresponding type declarations.
modules/inventory/repositories/LocationRepository.ts(9,13): error TS7006: Parameter 'loc' implicitly has an 'any' type.
modules/inventory/repositories/StockLedgerRepository.ts(1,24): error TS2307: Cannot find module '../../../../lib/db' or its corresponding type declarations.
modules/purchases/repositories/grn.repository.ts(27,9): error TS2322: Type '{ id: string; org_id: string; po_id: string; location_id: string; received_by: string; notes: string | undefined; }' is not assignable to type '(Without<goods_receiptsCreateInput, goods_receiptsUncheckedCreateInput> & goods_receiptsUncheckedCreateInput) | (Without<...> & goods_receiptsCreateInput)'.
  Type '{ id: string; org_id: string; po_id: string; location_id: string; received_by: string; notes: string | undefined; }' is not assignable to type 'Without<goods_receiptsCreateInput, goods_receiptsUncheckedCreateInput> & goods_receiptsUncheckedCreateInput'.
    Property 'updated_at' is missing in type '{ id: string; org_id: string; po_id: string; location_id: string; received_by: string; notes: string | undefined; }' but required in type 'goods_receiptsUncheckedCreateInput'.
modules/purchases/repositories/grn.repository.ts(66,11): error TS2322: Type '{ id: string; org_id: string; gr_id: string; po_line_id: string; qty_received: number; batch_no: string | undefined; expiry_date: Date | undefined; }[]' is not assignable to type 'gr_linesCreateManyInput | gr_linesCreateManyInput[]'.
  Type '{ id: string; org_id: string; gr_id: string; po_line_id: string; qty_received: number; batch_no: string | undefined; expiry_date: Date | undefined; }[]' is not assignable to type 'gr_linesCreateManyInput[]'.
    Property 'updated_at' is missing in type '{ id: string; org_id: string; gr_id: string; po_line_id: string; qty_received: number; batch_no: string | undefined; expiry_date: Date | undefined; }' but required in type 'gr_linesCreateManyInput'.
modules/purchases/repositories/vendor-bill.repository.ts(36,18): error TS2551: Property 'vendor_bill_lines' does not exist on type 'Omit<PrismaClient<PrismaClientOptions, never, DefaultArgs>, "$connect" | "$disconnect" | "$on" | "$use" | "$extends">'. Did you mean 'vendor_bills'?
modules/purchases/repositories/vendor-bill.repository.ts(43,20): error TS2353: Object literal may only specify known properties, and 'vendor_bill_lines' does not exist in type 'vendor_billsInclude<DefaultArgs>'.
modules/purchases/services/grn.service.ts(36,19): error TS2339: Property 'requires_grn_match' does not exist on type '{ id: string; created_at: Date; updated_at: Date; deleted_at: Date | null; org_id: string; po_id: string; qty_received: number; item_id: string; variant_id: string | null; qty_ordered: number; unit_price: number; tax_rate: number; line_total: number; }'.
modules/purchases/services/po.service.ts(34,38): error TS2339: Property 'fulfillment_method' does not exist on type '{ item_id: string; qty_ordered: number; unit_price: number; tax_rate: number; }'.
modules/purchases/services/po.service.ts(35,37): error TS2339: Property 'requires_physical_receipt' does not exist on type '{ length: number | null; name: string; id: string; created_at: Date; updated_at: Date; deleted_at: Date | null; org_id: string; type: string; status: string; description: string | null; ... 39 more ...; track_serial: boolean; }'.
modules/purchases/services/po.service.ts(41,26): error TS2339: Property 'requires_physical_receipt' does not exist on type '{ length: number | null; name: string; id: string; created_at: Date; updated_at: Date; deleted_at: Date | null; org_id: string; type: string; status: string; description: string | null; ... 39 more ...; track_serial: boolean; }'.
modules/purchases/services/po.service.ts(58,24): error TS18047: 'po' is possibly 'null'.
modules/purchases/services/po.service.ts(59,16): error TS2339: Property 'fulfillment_method' does not exist on type '{ id: string; created_at: Date; updated_at: Date; deleted_at: Date | null; org_id: string; po_id: string; qty_received: number; item_id: string; variant_id: string | null; qty_ordered: number; unit_price: number; tax_rate: number; line_total: number; }'.
modules/purchases/services/po.service.ts(61,17): error TS18047: 'po' is possibly 'null'.
modules/purchases/services/po.service.ts(63,11): error TS2353: Object literal may only specify known properties, and 'itemId' does not exist in type '{ poId: string; poLineId: string; }'.
modules/purchases/services/vendor-bill.service.ts(24,38): error TS2551: Property 'vendor_bill_lines' does not exist on type 'PrismaClient<PrismaClientOptions, never, DefaultArgs>'. Did you mean 'vendor_bills'?
modules/purchases/services/vendor-bill.service.ts(34,51): error TS7006: Parameter 'bl' implicitly has an 'any' type.
modules/purchases/services/vendor-bill.service.ts(34,98): error TS7006: Parameter 'sum' implicitly has an 'any' type.
modules/purchases/services/vendor-bill.service.ts(34,103): error TS7006: Parameter 'bl' implicitly has an 'any' type.
modules/purchases/services/vendor-bill.service.ts(36,18): error TS2339: Property 'requires_grn_match' does not exist on type '{ id: string; created_at: Date; updated_at: Date; deleted_at: Date | null; org_id: string; po_id: string; qty_received: number; item_id: string; variant_id: string | null; qty_ordered: number; unit_price: number; tax_rate: number; line_total: number; }'.
modules/purchases/services/vendor-bill.service.ts(64,29): error TS2339: Property 'requires_grn_match' does not exist on type '{ id: string; created_at: Date; updated_at: Date; deleted_at: Date | null; org_id: string; po_id: string; qty_received: number; item_id: string; variant_id: string | null; qty_ordered: number; unit_price: number; tax_rate: number; line_total: number; }'.
modules/purchases/services/vendor-bill.service.ts(66,11): error TS2322: Type 'string | undefined' is not assignable to type 'string'.
  Type 'undefined' is not assignable to type 'string'.
modules/purchases/services/vendor-bill.service.ts(69,33): error TS2339: Property 'grn_skip_reason' does not exist on type '{ id: string; created_at: Date; updated_at: Date; deleted_at: Date | null; org_id: string; po_id: string; qty_received: number; item_id: string; variant_id: string | null; qty_ordered: number; unit_price: number; tax_rate: number; line_total: number; }'.
modules/purchases/services/vendor-bill.service.ts(76,7): error TS2322: Type 'string | undefined' is not assignable to type 'string'.
  Type 'undefined' is not assignable to type 'string'.
modules/purchases/ui/VendorBillForm.tsx(126,14): error TS2552: Cannot find name 'Input'. Did you mean 'oninput'?
modules/purchases/ui/VendorBillForm.tsx(128,25): error TS7006: Parameter 'e' implicitly has an 'any' type.
modules/sales/repositories/delivery.repository.ts(14,9): error TS2353: Object literal may only specify known properties, and 'status' does not exist in type 'Without<delivery_notesCreateInput, delivery_notesUncheckedCreateInput> & delivery_notesUncheckedCreateInput'.
modules/sales/repositories/delivery.repository.ts(26,9): error TS2353: Object literal may only specify known properties, and 'delivery_note_lines' does not exist in type 'delivery_notesInclude<DefaultArgs>'.
modules/sales/repositories/delivery.repository.ts(47,9): error TS2353: Object literal may only specify known properties, and 'delivery_note_lines' does not exist in type 'delivery_notesInclude<DefaultArgs>'.
modules/sales/repositories/sales-invoice.repository.ts(19,9): error TS2322: Type '"posted"' is not assignable to type 'InvoiceStatus | undefined'.
modules/sales/repositories/sales-invoice.repository.ts(33,9): error TS2353: Object literal may only specify known properties, and 'invoice_lines' does not exist in type 'invoicesInclude<DefaultArgs>'.
modules/sales/repositories/sales-invoice.repository.ts(42,9): error TS2353: Object literal may only specify known properties, and 'invoice_lines' does not exist in type 'invoicesInclude<DefaultArgs>'.
modules/sales/repositories/so.repository.ts(10,7): error TS2322: Type '{ id: string; org_id: string; customer_id: any; notes: any; total_amount: any; status: "draft"; so_lines: { create: any; }; }' is not assignable to type '(Without<sales_ordersCreateInput, sales_ordersUncheckedCreateInput> & sales_ordersUncheckedCreateInput) | (Without<...> & sales_ordersCreateInput)'.
  Type '{ id: string; org_id: string; customer_id: any; notes: any; total_amount: any; status: "draft"; so_lines: { create: any; }; }' is not assignable to type 'Without<sales_ordersCreateInput, sales_ordersUncheckedCreateInput> & sales_ordersUncheckedCreateInput'.
    Property 'updated_at' is missing in type '{ id: string; org_id: string; customer_id: any; notes: any; total_amount: any; status: "draft"; so_lines: { create: any; }; }' but required in type 'sales_ordersUncheckedCreateInput'.
modules/sales/services/delivery.service.ts(21,27): error TS2339: Property 'settings' does not exist on type '{ slug: string; name: string; id: string; created_at: Date; updated_at: Date; deleted_at: Date | null; location: string | null; address: string | null; logo_url: string | null; ... 22 more ...; enable_processing_loader: boolean; }'.
modules/sales/services/delivery.service.ts(25,11): error TS7034: Variable 'validLines' implicitly has type 'any[]' in some locations where its type cannot be determined.
modules/sales/services/delivery.service.ts(30,19): error TS2339: Property 'requires_delivery_match' does not exist on type '{ id: string; created_at: Date; updated_at: Date; deleted_at: Date | null; org_id: string; so_id: string; item_id: string; variant_id: string | null; qty_ordered: number; ... 4 more ...; discount_pct: number; }'.
modules/sales/services/delivery.service.ts(52,81): error TS7005: Variable 'validLines' implicitly has an 'any[]' type.
modules/sales/services/delivery.service.ts(54,64): error TS7005: Variable 'validLines' implicitly has an 'any[]' type.
modules/sales/services/delivery.service.ts(58,28): error TS7005: Variable 'validLines' implicitly has an 'any[]' type.
modules/sales/services/delivery.service.ts(65,15): error TS2353: Object literal may only specify known properties, and 'transaction_type' does not exist in type 'Without<stock_ledgerCreateInput, stock_ledgerUncheckedCreateInput> & stock_ledgerUncheckedCreateInput'.
modules/sales/services/sales-invoice.service.ts(15,22): error TS2353: Object literal may only specify known properties, and 'invoice_lines' does not exist in type 'invoicesInclude<DefaultArgs>'.
modules/sales/services/sales-invoice.service.ts(22,35): error TS2339: Property 'so_lines' does not exist on type '{ id: string; created_at: Date; updated_at: Date; deleted_at: Date | null; org_id: string; status: SOStatus; notes: string | null; total_amount: number; customer_id: string; quotation_id: string | null; delivery_date: Date | null; }'.
modules/sales/services/sales-invoice.service.ts(22,48): error TS7006: Parameter 'l' implicitly has an 'any' type.
modules/sales/services/sales-invoice.service.ts(26,26): error TS2339: Property 'invoices' does not exist on type '{ id: string; created_at: Date; updated_at: Date; deleted_at: Date | null; org_id: string; status: SOStatus; notes: string | null; total_amount: number; customer_id: string; quotation_id: string | null; delivery_date: Date | null; }'.
modules/sales/services/sales-invoice.service.ts(38,11): error TS7034: Variable 'validLines' implicitly has type 'any[]' in some locations where its type cannot be determined.
modules/sales/services/sales-invoice.service.ts(47,18): error TS2339: Property 'requires_delivery_match' does not exist on type '{}'.
modules/sales/services/sales-invoice.service.ts(49,36): error TS2339: Property 'qty_delivered' does not exist on type '{}'.
modules/sales/services/sales-invoice.service.ts(51,90): error TS2339: Property 'item_id' does not exist on type '{}'.
modules/sales/services/sales-invoice.service.ts(55,36): error TS2339: Property 'qty_ordered' does not exist on type '{}'.
modules/sales/services/sales-invoice.service.ts(57,90): error TS2339: Property 'item_id' does not exist on type '{}'.
modules/sales/services/sales-invoice.service.ts(62,11): error TS2353: Object literal may only specify known properties, and 'orgId' does not exist in type '{ invoiceId: string; soLineId: string; itemId: string; skipReason?: string | null | undefined; }'.
modules/sales/services/sales-invoice.service.ts(65,28): error TS2339: Property 'id' does not exist on type '{}'.
modules/sales/services/sales-invoice.service.ts(66,26): error TS2339: Property 'item_id' does not exist on type '{}'.
modules/sales/services/sales-invoice.service.ts(74,24): error TS2339: Property 'item_id' does not exist on type '{}'.
modules/sales/services/sales-invoice.service.ts(84,16): error TS7005: Variable 'validLines' implicitly has an 'any[]' type.
modules/sales/services/so.service.ts(17,27): error TS2339: Property 'settings' does not exist on type '{ slug: string; name: string; id: string; created_at: Date; updated_at: Date; deleted_at: Date | null; location: string | null; address: string | null; logo_url: string | null; ... 22 more ...; enable_processing_loader: boolean; }'.
modules/sales/services/so.service.ts(27,42): error TS2339: Property 'requires_physical_receipt' does not exist on type '{ length: number | null; name: string; id: string; created_at: Date; updated_at: Date; deleted_at: Date | null; org_id: string; type: string; status: string; description: string | null; ... 39 more ...; track_serial: boolean; }'.
modules/sales/services/so.service.ts(45,35): error TS2353: Object literal may only specify known properties, and 'type' does not exist in type 'LocationWhereInput'.
modules/sales/services/so.service.ts(49,33): error TS2339: Property 'so_lines' does not exist on type '{ id: string; created_at: Date; updated_at: Date; deleted_at: Date | null; org_id: string; status: SOStatus; notes: string | null; total_amount: number; customer_id: string; quotation_id: string | null; delivery_date: Date | null; }'.
modules/sales/services/so.service.ts(60,19): error TS2353: Object literal may only specify known properties, and 'transaction_type' does not exist in type 'Without<stock_ledgerCreateInput, stock_ledgerUncheckedCreateInput> & stock_ledgerUncheckedCreateInput'.
